[monumentaltrustbankinc.com/index.html]
[monumentaltrustbankinc.com/assets/image/logo.png]
[monumentaltrustbankinc.com/frontassets/css/all.min.css]
[monumentaltrustbankinc.com/frontassets/css/pe-icon-7-stroke.css]
[monumentaltrustbankinc.com/frontassets/css/roysha-icons.css]
[monumentaltrustbankinc.com/assets/admin/css/toastr.min.css]
[monumentaltrustbankinc.com/frontassets/css/bootstrap.min.css]
[monumentaltrustbankinc.com/frontassets/css/owl.carousel.min.css]
[monumentaltrustbankinc.com/frontassets/css/jquery.fancybox.min.css]
[cdn.jsdelivr.net/npm/select2@4.1.0-beta.1/dist/css/select2.min.css]
[cdn.jsdelivr.net/npm/select2@4.1.0-beta.1/dist/js/select2.min.js]
[monumentaltrustbankinc.com/frontassets/css/nice-select.css]
[monumentaltrustbankinc.com/frontassets/css/style.css]
[backblue.gif]
[fade.gif]
[index.html]
[monumentaltrustbankinc.com/about.html]
[monumentaltrustbankinc.com/faq.html]
[monumentaltrustbankinc.com/contact.html]
[monumentaltrustbankinc.com/login.html]
[monumentaltrustbankinc.com/frontassets/images/an1/2.png]
[monumentaltrustbankinc.com/frontassets/images/an1/3.png]
[monumentaltrustbankinc.com/frontassets/images/an1/5.png]
[monumentaltrustbankinc.com/frontassets/images/an1/4.png]
[monumentaltrustbankinc.com/frontassets/images/an2/1.png]
[monumentaltrustbankinc.com/frontassets/images/an2/2.png]
[monumentaltrustbankinc.com/frontassets/images/an3/2.png]
[monumentaltrustbankinc.com/frontassets/images/an3/3.png]
[monumentaltrustbankinc.com/frontassets/images/an3/4.png]
[monumentaltrustbankinc.com/frontassets/images/an3/5.png]
[monumentaltrustbankinc.com/frontassets/images/an3/6.png]
[monumentaltrustbankinc.com/frontassets/images/online-payment.png]
[monumentaltrustbankinc.com/frontassets/images/scrn-1.png]
[monumentaltrustbankinc.com/frontassets/images/scrn-2.png]
[monumentaltrustbankinc.com/frontassets/images/scrn-3.png]
[monumentaltrustbankinc.com/frontassets/js/jquery-3.3.1.min.js]
[monumentaltrustbankinc.com/frontassets/js/jquery-ui.min.js]
[monumentaltrustbankinc.com/frontassets/js/bootstrap.min.js]
[monumentaltrustbankinc.com/frontassets/js/owl.carousel.min.js]
[monumentaltrustbankinc.com/frontassets/js/owl.carousel2.thumbs.min.js]
[monumentaltrustbankinc.com/frontassets/js/jquery.countdown.min.js]
[monumentaltrustbankinc.com/frontassets/js/jquery.fancybox.min.js]
[monumentaltrustbankinc.com/frontassets/js/jquery.nice-select.min.js]
[cdnjs.cloudflare.com/ajax/libs/gsap/2.1.3/TweenMax.min.js]
[s3-us-west-2.amazonaws.com/s.cdpn.io/106949/jquery.onscreen.js]
[monumentaltrustbankinc.com/frontassets/js/scripts.js]
[monumentaltrustbankinc.com/assets/frontend/js/jquery.magnific-popup.js]
[monumentaltrustbankinc.com/index.html]
[monumentaltrustbankinc.com/assets/frontend/js/toastr.min.js]
[monumentaltrustbankinc.com/frontassets/webfonts/fa-brands-400.eot]
[monumentaltrustbankinc.com/frontassets/webfonts/fa-brands-400-0.eot]
[monumentaltrustbankinc.com/frontassets/webfonts/fa-brands-400.woff2]
[monumentaltrustbankinc.com/frontassets/webfonts/fa-brands-400.woff]
[monumentaltrustbankinc.com/frontassets/webfonts/fa-brands-400.ttf]
[monumentaltrustbankinc.com/frontassets/webfonts/fa-regular-400.eot]
[monumentaltrustbankinc.com/frontassets/webfonts/fa-brands-400.svg]
[monumentaltrustbankinc.com/frontassets/webfonts/fa-regular-400-0.eot]
[monumentaltrustbankinc.com/frontassets/webfonts/fa-regular-400.woff2]
[monumentaltrustbankinc.com/frontassets/webfonts/fa-regular-400.woff]
[monumentaltrustbankinc.com/frontassets/webfonts/fa-regular-400.ttf]
[monumentaltrustbankinc.com/frontassets/webfonts/fa-regular-400.svg]
[monumentaltrustbankinc.com/frontassets/webfonts/fa-solid-900.eot]
[monumentaltrustbankinc.com/frontassets/webfonts/fa-solid-900-0.eot]
[monumentaltrustbankinc.com/frontassets/webfonts/fa-solid-900.woff2]
[monumentaltrustbankinc.com/frontassets/webfonts/fa-solid-900.woff]
[monumentaltrustbankinc.com/frontassets/webfonts/fa-solid-900.ttf]
[monumentaltrustbankinc.com/frontassets/css/all.min.css]
[monumentaltrustbankinc.com/frontassets/webfonts/fa-solid-900.svg]
[monumentaltrustbankinc.com/frontassets/fonts/Pe-icon-7-stroke-33471.eot]
[monumentaltrustbankinc.com/frontassets/fonts/Pe-icon-7-stroke-0.eot]
[monumentaltrustbankinc.com/frontassets/fonts/Pe-icon-7-stroke-33471.woff]
[monumentaltrustbankinc.com/frontassets/fonts/Pe-icon-7-stroke-33471.ttf]
[monumentaltrustbankinc.com/frontassets/css/pe-icon-7-stroke.css]
[monumentaltrustbankinc.com/frontassets/fonts/Pe-icon-7-stroke-33471.svg]
[monumentaltrustbankinc.com/frontassets/fonts/roysha-icon-14044.eot]
[monumentaltrustbankinc.com/frontassets/fonts/roysha-icon-14044.ttf]
[monumentaltrustbankinc.com/frontassets/fonts/roysha-icon-14044.woff]
[monumentaltrustbankinc.com/frontassets/css/roysha-icons.css]
[monumentaltrustbankinc.com/assets/admin/css/toastr.min.css]
[monumentaltrustbankinc.com/frontassets/css/bootstrap.min.css]
[monumentaltrustbankinc.com/frontassets/fonts/roysha-icon-14044.svg]
[monumentaltrustbankinc.com/frontassets/css/owl.video.play.png]
[monumentaltrustbankinc.com/frontassets/css/owl.carousel.min.css]
[monumentaltrustbankinc.com/frontassets/css/jquery.fancybox.min.css]
[cdn.jsdelivr.net/npm/select2@4.1.0-beta.1/dist/css/select2.min.css]
[monumentaltrustbankinc.com/frontassets/css/nice-select.css]
[monumentaltrustbankinc.com/frontassets/images/preloader.svg]
[monumentaltrustbankinc.com/frontassets/images/banner/1.jpg]
[monumentaltrustbankinc.com/frontassets/images/banner/4.jpg]
[monumentaltrustbankinc.com/frontassets/images/banner/5.jpg]
[monumentaltrustbankinc.com/frontassets/images/banner/8.jpg]
[monumentaltrustbankinc.com/frontassets/images/banner/10.jpg]
[monumentaltrustbankinc.com/frontassets/images/banner/2.jpg]
[monumentaltrustbankinc.com/frontassets/images/banner/7.jpg]
[monumentaltrustbankinc.com/frontassets/images/footer-bg.png]
[monumentaltrustbankinc.com/frontassets/images/ellips.png]
[monumentaltrustbankinc.com/frontassets/images/banner/6.jpg]
[monumentaltrustbankinc.com/frontassets/images/banner/9.jpg]
[monumentaltrustbankinc.com/frontassets/images/banner/11.jpg]
[monumentaltrustbankinc.com/frontassets/images/banner/13.jpg]
[monumentaltrustbankinc.com/frontassets/images/banner/14.jpg]
[monumentaltrustbankinc.com/frontassets/css/style.css]
[monumentaltrustbankinc.com/frontassets/css/custom.css]
[monumentaltrustbankinc.com/frontassets/images/payment-service-3.png]
[monumentaltrustbankinc.com/frontassets/images/app-img.png']
[monumentaltrustbankinc.com/frontassets/images/internet-bill.png]
[monumentaltrustbankinc.com/frontassets/images/1A2413DD-61A3-4D99-A9AA-CA66EAA738A5.jpg]
[monumentaltrustbankinc.com/about.html]
[monumentaltrustbankinc.com/faq.html]
[monumentaltrustbankinc.com/images/map.png]
[monumentaltrustbankinc.com/contact.html]
[monumentaltrustbankinc.com/frontassets/images/mac.png]
[translate.google.com/translate_a/elementa0d8.js]
[monumentaltrustbankinc.com/login.html]
[monumentaltrustbankinc.com/frontassets/images/an1/1.png]
[monumentaltrustbankinc.com/frontassets/webfonts/fa-brands-400.svg]
[monumentaltrustbankinc.com/frontassets/webfonts/fa-regular-400.svg]
[monumentaltrustbankinc.com/register]
[monumentaltrustbankinc.com/frontassets/webfonts/fa-solid-900.svg]
[monumentaltrustbankinc.com/frontassets/fonts/Pe-icon-7-stroke-33471.svg]
[monumentaltrustbankinc.com/frontassets/fonts/roysha-icon-14044.svg]
[monumentaltrustbankinc.com/frontassets/images/preloader.svg]
[monumentaltrustbankinc.com/register]
[code.tidio.co_443/4f9iczkpwmcu931pozzxq7ffodliovjc.js]
